// Jest Snapshot v1, https://goo.gl/fbAQLP

exports[`PullRequestCard should match snapshot 1`] = `
.c5 {
  position: relative;
  color: #006e97;
  font-weight: 500;
}

.c5:focus {
  outline: none;
}

.c9 {
  display: inline-block;
  padding: 0.8rem 1.6rem 0.7rem;
  background-color: transparent;
  border: 0.3rem solid #006e97;
  border-radius: 0.8rem;
  color: #222222;
  font-weight: 500;
  line-height: 1.2em;
  -webkit-text-decoration: none;
  text-decoration: none;
  text-transform: capitalize;
  -webkit-transition: background-color 0.3s ease-in-out,color 0.2s ease-in-out;
  transition: background-color 0.3s ease-in-out,color 0.2s ease-in-out;
}

.c9:focus,
.c9:hover {
  background-color: #006e97;
  color: #fafaff;
}

.c8 {
  margin-bottom: 1.6rem;
}

.c8:not(:last-of-type) {
  margin-right: 1.6rem;
}

.c7 {
  display: -webkit-box;
  display: -webkit-flex;
  display: -ms-flexbox;
  display: flex;
  -webkit-flex-wrap: wrap;
  -ms-flex-wrap: wrap;
  flex-wrap: wrap;
  padding: 0;
  list-style: none;
}

.c6 {
  position: relative;
  color: #222222;
  -webkit-text-decoration: none;
  text-decoration: none;
}

.c6::before {
  position: absolute;
  bottom: 0.1em;
  left: 0;
  right: 0;
  content: '';
  height: 0.15em;
  background-color: #e8c000;
  border-radius: 0.4rem;
}

.c6:focus {
  outline: none;
}

.c6:focus::before,
.c6:hover::before {
  background-color: #8ab0ab;
  bottom: 0;
}

.c0 {
  margin-bottom: 0.8rem;
}

.c3 {
  margin-right: 0.4em;
  font-weight: 300;
}

.c2 {
  display: -webkit-box;
  display: -webkit-flex;
  display: -ms-flexbox;
  display: flex;
  -webkit-flex-wrap: wrap;
  -ms-flex-wrap: wrap;
  flex-wrap: wrap;
  margin-bottom: 1.6rem;
  font-size: 1.4rem;
}

.c4 {
  margin: 0;
  margin-right: 1.6rem;
  font-weight: 400;
}

.c1 {
  display: inline-block;
  margin: 0;
  font-size: 1.8rem;
  font-weight: 700;
  -webkit-letter-spacing: -0.005em;
  -moz-letter-spacing: -0.005em;
  -ms-letter-spacing: -0.005em;
  letter-spacing: -0.005em;
}

@media (prefers-reduced-motion:no-preference) {
  .c6::before {
    -webkit-transition: background-color 0.2s ease-in-out,bottom 0.1s ease-in-out;
    transition: background-color 0.2s ease-in-out,bottom 0.1s ease-in-out;
  }
}

<article
  class=""
>
  <header
    class="c0"
  >
    <h3
      class="c1"
    >
      Test of pull request
    </h3>
  </header>
  <dl
    class="c2"
  >
    <dt
      class="c3"
    >
      PR
    </dt>
    <dd
      class="c4"
    >
      <a
        class="c5 c6"
        href="https://github.com/owner/repository/pull/123"
        rel="noopener noreferrer"
        target="_blank"
      >
        #123
      </a>
    </dd>
    <dt
      class="c3"
    >
      Author
    </dt>
    <dd
      class="c4"
    >
      <a
        class="c5 c6"
        href="https://github.com/test"
        rel="noopener noreferrer"
        target="_blank"
      >
        test
      </a>
    </dd>
  </dl>
  <div
    class=""
  >
    <ul
      class="c7"
    >
      <li
        class="c8"
      >
        <a
          class="c5 c9"
          href="https://example.com/"
        >
          test
        </a>
      </li>
    </ul>
  </div>
</article>
`;
