// Jest Snapshot v1, https://goo.gl/fbAQLP

exports[`Header should match snapshot 1`] = `
.c0 {
  margin-bottom: 2.4rem;
  padding: 0 1.6rem;
}

.c1 {
  font-size: 2rem;
  font-weight: 600;
  -webkit-letter-spacing: -0.035em;
  -moz-letter-spacing: -0.035em;
  -ms-letter-spacing: -0.035em;
  letter-spacing: -0.035em;
  text-align: left;
}

<header
  class="c0"
>
  <h1
    class="c1"
  >
    Test
  </h1>
</header>
`;
