// Jest Snapshot v1, https://goo.gl/fbAQLP

exports[`DeploymentCard should match snapshot 1`] = `
<span>
  deploy
</span>
`;
