// Jest Snapshot v1, https://goo.gl/fbAQLP

exports[`PullRequestList should match snapshot 1`] = `
.c7 {
  position: relative;
  color: #006e97;
  font-weight: 500;
}

.c7:focus {
  outline: none;
}

.c11 {
  display: inline-block;
  padding: 0.8rem 1.6rem 0.7rem;
  background-color: transparent;
  border: 0.3rem solid #006e97;
  border-radius: 0.8rem;
  color: #222222;
  font-weight: 500;
  line-height: 1.2em;
  -webkit-text-decoration: none;
  text-decoration: none;
  text-transform: capitalize;
  -webkit-transition: background-color 0.3s ease-in-out,color 0.2s ease-in-out;
  transition: background-color 0.3s ease-in-out,color 0.2s ease-in-out;
}

.c11:focus,
.c11:hover {
  background-color: #006e97;
  color: #fafaff;
}

.c10 {
  margin-bottom: 1.6rem;
}

.c10:not(:last-of-type) {
  margin-right: 1.6rem;
}

.c9 {
  display: -webkit-box;
  display: -webkit-flex;
  display: -ms-flexbox;
  display: flex;
  -webkit-flex-wrap: wrap;
  -ms-flex-wrap: wrap;
  flex-wrap: wrap;
  padding: 0;
  list-style: none;
}

.c8 {
  position: relative;
  color: #222222;
  -webkit-text-decoration: none;
  text-decoration: none;
}

.c8::before {
  position: absolute;
  bottom: 0.1em;
  left: 0;
  right: 0;
  content: '';
  height: 0.15em;
  background-color: #e8c000;
  border-radius: 0.4rem;
}

.c8:focus {
  outline: none;
}

.c8:focus::before,
.c8:hover::before {
  background-color: #8ab0ab;
  bottom: 0;
}

.c2 {
  margin-bottom: 0.8rem;
}

.c5 {
  margin-right: 0.4em;
  font-weight: 300;
}

.c4 {
  display: -webkit-box;
  display: -webkit-flex;
  display: -ms-flexbox;
  display: flex;
  -webkit-flex-wrap: wrap;
  -ms-flex-wrap: wrap;
  flex-wrap: wrap;
  margin-bottom: 1.6rem;
  font-size: 1.4rem;
}

.c6 {
  margin: 0;
  margin-right: 1.6rem;
  font-weight: 400;
}

.c3 {
  display: inline-block;
  margin: 0;
  font-size: 1.8rem;
  font-weight: 700;
  -webkit-letter-spacing: -0.005em;
  -moz-letter-spacing: -0.005em;
  -ms-letter-spacing: -0.005em;
  letter-spacing: -0.005em;
}

.c0 {
  list-style: none;
  margin: 2.4rem auto 0;
  padding: 0;
}

.c1 {
  position: relative;
  margin: 0 1.6rem 3.2rem;
  padding: 0 0 1.6rem;
}

.c1:last-of-type {
  margin-bottom: 0;
}

.c1:not(:last-of-type)::after {
  position: absolute;
  left: 0;
  right: 0;
  top: calc(100% - 0.2rem);
  content: '';
  display: block;
  height: 0.4rem;
  background: #8ab0ab;
  border-radius: 0.2rem;
}

@media (prefers-reduced-motion:no-preference) {
  .c8::before {
    -webkit-transition: background-color 0.2s ease-in-out,bottom 0.1s ease-in-out;
    transition: background-color 0.2s ease-in-out,bottom 0.1s ease-in-out;
  }
}

<ul
  class="c0"
>
  <li
    class="c1"
  >
    <article
      class=""
    >
      <header
        class="c2"
      >
        <h3
          class="c3"
        >
          Test of pull request
        </h3>
      </header>
      <dl
        class="c4"
      >
        <dt
          class="c5"
        >
          PR
        </dt>
        <dd
          class="c6"
        >
          <a
            class="c7 c8"
            href="https://github.com/owner/repository/pull/123"
            rel="noopener noreferrer"
            target="_blank"
          >
            #123
          </a>
        </dd>
        <dt
          class="c5"
        >
          Author
        </dt>
        <dd
          class="c6"
        >
          <a
            class="c7 c8"
            href="https://github.com/test"
            rel="noopener noreferrer"
            target="_blank"
          >
            test
          </a>
        </dd>
      </dl>
      <div
        class=""
      >
        <ul
          class="c9"
        >
          <li
            class="c10"
          >
            <a
              class="c7 c11"
              href="https://example.com/"
            >
              test
            </a>
          </li>
        </ul>
      </div>
    </article>
  </li>
</ul>
`;
