// Jest Snapshot v1, https://goo.gl/fbAQLP

exports[`Environments component should match snapshot 1`] = `
.c2 {
  position: relative;
  color: #006e97;
  font-weight: 500;
}

.c2:focus {
  outline: none;
}

.c3 {
  display: inline-block;
  padding: 0.8rem 1.6rem;
  background-color: transparent;
  border: 0.3rem solid #8ab0ab;
  border-radius: 0.8rem;
  color: #222222;
  font-weight: 500;
  line-height: 1.2em;
  -webkit-text-decoration: none;
  text-decoration: none;
  text-transform: capitalize;
  -webkit-transition: background-color 0.2s ease-in-out;
  transition: background-color 0.2s ease-in-out;
}

.c3:focus,
.c3:hover {
  background-color: #8ab0ab;
}

.c1 {
  margin-bottom: 1.6rem;
}

.c1:not(:last-of-type) {
  margin-right: 1.6rem;
}

.c0 {
  display: -webkit-box;
  display: -webkit-flex;
  display: -ms-flexbox;
  display: flex;
  -webkit-flex-wrap: wrap;
  -ms-flex-wrap: wrap;
  flex-wrap: wrap;
  padding: 0;
  list-style: none;
}

<div
  class=""
>
  <ul
    class="c0"
  >
    <li
      class="c1"
    >
      <a
        class="c2 c3"
        href="https://example.com/"
      >
        test
      </a>
    </li>
  </ul>
</div>
`;
